// Jest Snapshot v1, https://goo.gl/fbAQLP

exports[`ComparedDistrict unit test suite should match snapshot 1`] = `
ShallowWrapper {
  "length": 1,
  Symbol(enzyme.__root__): [Circular],
  Symbol(enzyme.__unrendered__): <ComparedDistricts
    comparedDistricts={
        Array [
            Object {
              "location": "Adams",
              "stats": Object {
                "2004": 0.393,
              },
            },
          ]
    }
/>,
  Symbol(enzyme.__renderer__): Object {
    "batchedUpdates": [Function],
    "getNode": [Function],
    "render": [Function],
    "simulateEvent": [Function],
    "unmount": [Function],
  },
  Symbol(enzyme.__node__): Object {
    "instance": null,
    "key": undefined,
    "nodeType": "host",
    "props": Object {
      "children": Array [
        <article>
          <h2>
                    hellow
          </h2>
          <p>
                    0.292
          </p>
</article>,
        <p>
          District Data
</p>,
        <article>
          <h2>
                    he
          </h2>
          <p>
                    0.123
          </p>
</article>,
      ],
    },
    "ref": null,
    "rendered": Array [
      Object {
        "instance": null,
        "key": "hellow",
        "nodeType": "host",
        "props": Object {
          "children": Array [
            <h2>
              hellow
</h2>,
            <p>
              0.292
</p>,
          ],
        },
        "ref": null,
        "rendered": Array [
          Object {
            "instance": null,
            "key": undefined,
            "nodeType": "host",
            "props": Object {
              "children": "hellow",
            },
            "ref": null,
            "rendered": "hellow",
            "type": "h2",
          },
          Object {
            "instance": null,
            "key": undefined,
            "nodeType": "host",
            "props": Object {
              "children": 0.292,
            },
            "ref": null,
            "rendered": 0.292,
            "type": "p",
          },
        ],
        "type": "article",
      },
      Object {
        "instance": null,
        "key": undefined,
        "nodeType": "host",
        "props": Object {
          "children": "District Data",
        },
        "ref": null,
        "rendered": "District Data",
        "type": "p",
      },
      Object {
        "instance": null,
        "key": "he",
        "nodeType": "host",
        "props": Object {
          "children": Array [
            <h2>
              he
</h2>,
            <p>
              0.123
</p>,
          ],
        },
        "ref": null,
        "rendered": Array [
          Object {
            "instance": null,
            "key": undefined,
            "nodeType": "host",
            "props": Object {
              "children": "he",
            },
            "ref": null,
            "rendered": "he",
            "type": "h2",
          },
          Object {
            "instance": null,
            "key": undefined,
            "nodeType": "host",
            "props": Object {
              "children": 0.123,
            },
            "ref": null,
            "rendered": 0.123,
            "type": "p",
          },
        ],
        "type": "article",
      },
    ],
    "type": "section",
  },
  Symbol(enzyme.__nodes__): Array [
    Object {
      "instance": null,
      "key": undefined,
      "nodeType": "host",
      "props": Object {
        "children": Array [
          <article>
            <h2>
                        hellow
            </h2>
            <p>
                        0.292
            </p>
</article>,
          <p>
            District Data
</p>,
          <article>
            <h2>
                        he
            </h2>
            <p>
                        0.123
            </p>
</article>,
        ],
      },
      "ref": null,
      "rendered": Array [
        Object {
          "instance": null,
          "key": "hellow",
          "nodeType": "host",
          "props": Object {
            "children": Array [
              <h2>
                hellow
</h2>,
              <p>
                0.292
</p>,
            ],
          },
          "ref": null,
          "rendered": Array [
            Object {
              "instance": null,
              "key": undefined,
              "nodeType": "host",
              "props": Object {
                "children": "hellow",
              },
              "ref": null,
              "rendered": "hellow",
              "type": "h2",
            },
            Object {
              "instance": null,
              "key": undefined,
              "nodeType": "host",
              "props": Object {
                "children": 0.292,
              },
              "ref": null,
              "rendered": 0.292,
              "type": "p",
            },
          ],
          "type": "article",
        },
        Object {
          "instance": null,
          "key": undefined,
          "nodeType": "host",
          "props": Object {
            "children": "District Data",
          },
          "ref": null,
          "rendered": "District Data",
          "type": "p",
        },
        Object {
          "instance": null,
          "key": "he",
          "nodeType": "host",
          "props": Object {
            "children": Array [
              <h2>
                he
</h2>,
              <p>
                0.123
</p>,
            ],
          },
          "ref": null,
          "rendered": Array [
            Object {
              "instance": null,
              "key": undefined,
              "nodeType": "host",
              "props": Object {
                "children": "he",
              },
              "ref": null,
              "rendered": "he",
              "type": "h2",
            },
            Object {
              "instance": null,
              "key": undefined,
              "nodeType": "host",
              "props": Object {
                "children": 0.123,
              },
              "ref": null,
              "rendered": 0.123,
              "type": "p",
            },
          ],
          "type": "article",
        },
      ],
      "type": "section",
    },
  ],
  Symbol(enzyme.__options__): Object {
    "adapter": ReactSixteenAdapter {
      "options": Object {
        "enableComponentDidUpdateOnSetState": true,
      },
    },
    "disableLifecycleMethods": true,
  },
}
`;
